

================================================================
== Synthesis Summary Report of 'CONV_1x1'
================================================================
+ General Information: 
    * Date:           Tue May 14 15:45:58 2024
    * Version:        2020.2 (Build 3064766 on Wed Nov 18 09:12:47 MST 2020)
    * Project:        conv_HLS
    * Solution:       solution1 (Vivado IP Flow Target)
    * Product family: zynquplus
    * Target device:  xazu2eg-sfvc784-1LV-i
    

+ Performance & Resource Estimates: 
    
    PS: '+' for module; 'o' for loop; '*' for dataflow
    +------------------------------------+------+-------+---------+-----------+----------+---------+------+----------+------+----------+-----------+------------+-----+
    |               Modules              | Issue|       | Latency |  Latency  | Iteration|         | Trip |          |      |          |           |            |     |
    |               & Loops              | Type | Slack | (cycles)|    (ns)   |  Latency | Interval| Count| Pipelined| BRAM |    DSP   |     FF    |     LUT    | URAM|
    +------------------------------------+------+-------+---------+-----------+----------+---------+------+----------+------+----------+-----------+------------+-----+
    |+ CONV_1x1                          |     -|  -2.21|     2684|  2.684e+04|         -|     2685|     -|        no|     -|  99 (41%)|  6930 (7%)|  8906 (18%)|    -|
    | + grp_compute_engine_16_fu_1773    |    II|  -3.07|        4|     40.000|         -|        1|     -|       yes|     -|   16 (6%)|  605 (~0%)|   244 (~0%)|    -|
    | + grp_compute_engine_16_fu_1825    |    II|  -3.07|        4|     40.000|         -|        1|     -|       yes|     -|   16 (6%)|  605 (~0%)|   244 (~0%)|    -|
    | + grp_compute_engine_16_fu_1877    |    II|  -3.07|        4|     40.000|         -|        1|     -|       yes|     -|   16 (6%)|  605 (~0%)|   244 (~0%)|    -|
    | + grp_compute_engine_16_fu_1929    |    II|  -3.07|        4|     40.000|         -|        1|     -|       yes|     -|   16 (6%)|  605 (~0%)|   244 (~0%)|    -|
    | + grp_compute_engine_16_fu_1981    |    II|  -3.07|        4|     40.000|         -|        1|     -|       yes|     -|   16 (6%)|  605 (~0%)|   244 (~0%)|    -|
    | + grp_compute_engine_16_fu_2033    |    II|  -3.07|        4|     40.000|         -|        1|     -|       yes|     -|   16 (6%)|  605 (~0%)|   244 (~0%)|    -|
    | o VITIS_LOOP_91_1_VITIS_LOOP_92_2  |     -|  -7.30|      256|  2.560e+03|         2|        1|   256|       yes|     -|         -|          -|           -|    -|
    | o VITIS_LOOP_96_3_VITIS_LOOP_97_4  |    II|  -7.30|     2424|  2.424e+04|        28|        3|   800|       yes|     -|         -|          -|           -|    -|
    +------------------------------------+------+-------+---------+-----------+----------+---------+------+----------+------+----------+-----------+------------+-----+

